python : WARNING: All log 
messages before 
absl::InitializeLog() is 
called are written to STDERR
At line:1 char:28
+ venv\Scripts\activate.ps1; 
python test_model.py > 
error_log.txt 2>&1
+                            
~~~~~~~~~~~~~~~~~~~~~~~~~~~~~
~~~~~~~~~~~~
    + CategoryInfo           
   : NotSpecified: (WARNING  
  : All lo...itten to STDE   
 RR:String) [], RemoteExc    
eption
    + FullyQualifiedErrorId  
   : NativeCommandError
 
I0000 
00:00:1772904051.874141   
12284 port.cc:153] oneDNN 
custom operations are on. 
You may see slightly 
different numerical results 
due to floating-point 
round-off errors from 
different computation 
orders. To turn them off, 
set the environment variable 
`TF_ENABLE_ONEDNN_OPTS=0`.
WARNING: All log messages 
before absl::InitializeLog() 
is called are written to 
STDERR
I0000 
00:00:1772904054.421871   
12284 port.cc:153] oneDNN 
custom operations are on. 
You may see slightly 
different numerical results 
due to floating-point 
round-off errors from 
different computation 
orders. To turn them off, 
set the environment variable 
`TF_ENABLE_ONEDNN_OPTS=0`.
I0000 
00:00:1772904055.855946   
12284 
cpu_feature_guard.cc:227] 
This TensorFlow binary is 
optimized to use available 
CPU instructions in 
performance-critical 
operations.
To enable the following 
instructions: SSE3 SSE4.1 
SSE4.2 AVX AVX2 AVX_VNNI 
FMA, in other operations, 
rebuild TensorFlow with the 
appropriate compiler flags.
WARNING:tensorflow:TensorFlow
 GPU support is not 
available on native Windows 
for TensorFlow >= 2.11. Even 
if CUDA/cuDNN are installed, 
GPU will not be used. Please 
use WSL2 or the 
TensorFlow-DirectML plugin.
Traceback (most recent call 
last):
  File "E:\Deep Fake Detectio
n\Antigravitydemo\backend\tes
t_model.py", line 14, in 
<module>
    pred = 
model.model.predict(data)
  File "E:\Deep Fake Detectio
n\Antigravitydemo\backend\ven
v\Lib\site-packages\keras\src
\utils\traceback_utils.py", 
line 122, in error_handler
    raise e.with_traceback(fi
ltered_tb) from None
  File "E:\Deep Fake Detectio
n\Antigravitydemo\backend\ven
v\Lib\site-packages\keras\src
\layers\input_spec.py", line 
245, in 
assert_input_compatibility
    raise ValueError(
    ...<4 lines>...
    )
ValueError: Input 0 with 
name 'input_layer_1' of 
layer 'functional_1' is 
incompatible with the layer: 
expected shape=(None, 224, 
224, 3), found shape=(1, 
112, 112, 3)
Loading actual TensorFlow Image Model from: weights/deepfake_model.keras...
Trying preprocess_image...
Data shape: (1, 112, 112, 3)
Trying load_model...
TensorFlow Image Model Loaded successfully.
Trying predict...
